// Jest Snapshot v1, https://goo.gl/fbAQLP

exports[`should render login page correctly 1`] = `
<div>
  <p>
    LOGIN PAGE
  </p>
  <button>
    Login
  </button>
</div>
`;
